0.000000 0.000000
0.334165 -0.942514
-1.098373 -0.890829
-1.477848 0.903308
0.412846 1.956926
2.216379 0.296081
1.117023 -2.179968
-1.816099 -1.924002
-2.587385 1.142557
0.225138 2.991540
3.051391 0.830070
1.889977 -2.725434
-2.023335 -2.811782
-3.462095 1.006925
-0.215718 3.735434
3.569656 1.502517
2.694563 -2.956236
-1.943905 -3.636101
-4.194852 0.634990
-0.825299 4.280056
3.855861 2.265466
3.508279 -2.948216
-1.644194 -4.392793
-4.795103 0.083595
